app/(dashboard)/trading/page.tsx(46,11): error TS2451: Cannot redeclare block-scoped variable 'currentTicker'.
app/(dashboard)/trading/page.tsx(61,11): error TS2451: Cannot redeclare block-scoped variable 'currentTicker'.
